Script started on Mon 18 Jul 2022 02:54:32 PM CEST
uid180676@h2web271:~/web/PixelForceBeta_dev$ php bin/console c:c[1@c[1@o[1@m[C[1@p[1@o[1@s[1@e[1@r[1@ ^C
uid180676@h2web271:~/web/PixelForceBeta_dev$ php bin/console c:c[2Pgit log --oneline^C
uid180676@h2web271:~/web/PixelForceBeta_dev$ script ckeditor:install
Script started, file is ckeditor:install
uid180676@h2web271:~/web/PixelForceBeta_dev$ php bin/console c:c[K[K[K[K[K[K[K[K[K[K[K[K[K[K[K[K[K[K[Kscript ckeditor:install^C
uid180676@h2web271:~/web/PixelForceBeta_dev$ php bin/console c:c

[39;49m // [39;49mClearing the cache for the [32mprod[39m environment with debug [32mfalse[39m                                                        

[2022-07-18T14:59:21.504417+02:00] deprecation.INFO: User Deprecated: Since symfony/framework-bundle 5.4: Not setting the "framework.messenger.reset_on_message" configuration option is deprecated, it will default to "true" in version 6.0. {"exception":"[object] (ErrorException(code: 0): User Deprecated: Since symfony/framework-bundle 5.4: Not setting the \"framework.messenger.reset_on_message\" configuration option is deprecated, it will default to \"true\" in version 6.0. at /home/clients/2974dbb8060e124a6b0054b130220d01/web/PixelForceBeta_dev/vendor/symfony/framework-bundle/DependencyInjection/FrameworkExtension.php:2175)"} []
[2022-07-18T14:59:21.747829+02:00] deprecation.INFO: User Deprecated: Since symfony/framework-bundle 5.3: The "Symfony\Component\HttpFoundation\Session\SessionInterface" and "SessionInterface" aliases are deprecated, use "$requestStack->getSession()" instead. It is being referenced by the "App\Controller\AgentAccountController" service. {"exception":"[object] (ErrorException(code: 0): User Deprecated: Since symfony/framework-bundle 5.3: The \"Symfony\\Component\\HttpFoundation\\Session\\SessionInterface\" and \"SessionInterface\" aliases are deprecated, use \"$requestStack->getSession()\" instead. It is being referenced by the \"App\\Controller\\AgentAccountController\" service. at /home/clients/2974dbb8060e124a6b0054b130220d01/web/PixelForceBeta_dev/vendor/symfony/dependency-injection/Compiler/ResolveReferencesToAliasesPass.php:68)"} []
[2022-07-18T14:59:21.747955+02:00] deprecation.INFO: User Deprecated: Since symfony/framework-bundle 5.3: The "Symfony\Component\HttpFoundation\Session\SessionInterface" and "SessionInterface" aliases are deprecated, use "$requestStack->getSession()" instead. It is being referenced by the "App\Controller\AgentCoachController" service. {"exception":"[object] (ErrorException(code: 0): User Deprecated: Since symfony/framework-bundle 5.3: The \"Symfony\\Component\\HttpFoundation\\Session\\SessionInterface\" and \"SessionInterface\" aliases are deprecated, use \"$requestStack->getSession()\" instead. It is being referenced by the \"App\\Controller\\AgentCoachController\" service. at /home/clients/2974dbb8060e124a6b0054b130220d01/web/PixelForceBeta_dev/vendor/symfony/dependency-injection/Compiler/ResolveReferencesToAliasesPass.php:68)"} []
[2022-07-18T14:59:21.748032+02:00] deprecation.INFO: User Deprecated: Since symfony/framework-bundle 5.3: The "Symfony\Component\HttpFoundation\Session\SessionInterface" and "SessionInterface" aliases are deprecated, use "$requestStack->getSession()" instead. It is being referenced by the "App\Controller\AgentContactController" service. {"exception":"[object] (ErrorException(code: 0): User Deprecated: Since symfony/framework-bundle 5.3: The \"Symfony\\Component\\HttpFoundation\\Session\\SessionInterface\" and \"SessionInterface\" aliases are deprecated, use \"$requestStack->getSession()\" instead. It is being referenced by the \"App\\Controller\\AgentContactController\" service. at /home/clients/2974dbb8060e124a6b0054b130220d01/web/PixelForceBeta_dev/vendor/symfony/dependency-injection/Compiler/ResolveReferencesToAliasesPass.php:68)"} []
[2022-07-18T14:59:21.748117+02:00] deprecation.INFO: User Deprecated: Sework-bundle 5.3: The \"Symfony\\Component\\HttpFoundation\\Session\\SessionInterface\" and \"SessionInterface\" aliases are deprecated, use \"$requestStack->getSession()\" instead. It is being referenced by the \"App\\Controller\\AgentContactMeetingController\" service. at /home/clients/2974dbb8060e124a6b0054b130220d01/web/PixelForceBeta_dev/vendor/symfony/dependency-injection/Compiler/ResolveReferencesToAliasesPass.php:68)"} []
[2022-07-18T14:59:21.748188+02:00] deprecation.INFO: User Deprecated: Since symfony/framework-bundle 5.3: The "Symfony\Component\HttpFoundation\Session\SessionInterface" and "SessionInterface" aliases are deprecated, use "$requestStack->getSession()" instead. It is being referenced by the "App\Controller\AgentFormationController" service. {"exception":"[object] (ErrorException(code: 0): User Deprecated: Since symfony/framework-bundle 5.3: The \"Symfony\\Component\\HttpFoundation\\Session\\SessionInterface\" and \"SessionInterface\" aliases are deprecated, use \"$requestStack->getSession()\" instead. It is being referenced by the \"App\\Controller\\AgentFormationController\" service. at /home/clients/2974dbb8060e124a6b0054b130220d01/web/PixelForceBeta_dev/vendor/symfony/dependency-injection/Compiler/ResolveReferencesToAliasesPass.php:68)"} []
[2022-07-18T14:59:21.748259+02:00] deprecation.INFO: User Deprecated: Since symfony/framework-bundle 5.3: The "Symfony\Component\HttpFoundation\Session\SessionInterface" and "SessionInterface" aliases are deprecated, use "$requestStack->getSession()" instead. It is being referenced by the "App\Controller\AgentInscriptionController" service. {"exception":"[object] (ErrorException(code: 0): User Deprecated: Since symfony/framework-bundle 5.3: The \"Symfony\\Component\\HttpFoundation\\Session\\SessionInterface\" and \"SessionInterface\" aliases are deprecated, use \"$requestStack->getSession()\" instead. It is being referenced by the \"App\\Controller\\AgentInscriptionController\" service. at /home/clients/2974dbb8060e124a6b0054b130220d01/web/PixelForceBeta_dev/vendor/symfony/dependency-injection/Compiler/ResolveReferencesToAliasesPass.php:68)"} []
[2022-07-18T14:59:21.748321+02:00] deprecation.INFO: User Deprecated: Since symfony/framework-bundle 5.3: The "Symfony\Component\HttpFoundation\Session\SessionInterface" and "SessionInterface" aliases are deprecated, use "$requestStack->getSession()" instead. It is being referenced by the "App\Controller\AgentZoomController" service. {"exception":"[object] (ErrorException(code: 0): User Deprecated: Since symfony/framework-bundle 5.3: The \"Symfony\\Component\\HttpFoundation\\Session\\SessionInterface\" and \"SessionInterface\" aliases are deprecated, use \"$requestStack->getSession()\" instead. It is being referenced by the \"App\\Controller\\AgentZoomController\" service. at /home/clients/2974dbb8060e124a6b0054b130220d01/web/PixelForceBeta_dev/vendor/symfony/dependency-injection/Compiler/ResolveReferencesToAliasesPass.php:68)"} []
[2022-07-18T14:59:21.748390+02:00] deprecation.INFO: User Deprecated: Since symfony/framework-bundle 5.3: The "Symfony\Component\HttpFoundation\Session\SessionInterface" and "SessionInterface" aliases are deprecated, use "$requestStack->getSession()" instead. It is being referenced by the "App\Controller\Basket\BasketController" service. {"exception":"[object] (ErrorException(code: 0): User Deprecated: Since symfony/framework-bundle 5.3: The \"Symfony\\Component\\HttpFoundation\\Session\\SessionInterface\" and \"SessionInterface\" aliases are deprecated, use \"$requestStack->getSession()\" instead. It is being referenced by the \"App\\Controller\\Basket\\BasketController\" service. at /home/clients/2974dbb8060e124a6b0054b130220d01/web/PixelForceBeta_dev/vendor/symfony/dependency-injection/Compiler/ResolveReferencesToAliasesPass.php:68)"} []
[2022-07-18T14:59:21.748449+02:00] deprecation.INFO: User Deprecated: Since symfony/framework-bundle 5.3: The "Symfony\Component\HttpFoundation\Session\SessionInterface" and "SessionInterface" aliases are deprecated, use "$requestStack->getSession()" instead. It is being referenced by the "App\Controller\BoutiqueController" service. {"exception":"[object] (ErrorException(code: 0): User Deprecated: Since symfony/framework-bundle 5.3: The \"Symfony\\Component\\HttpFoundation\\Session\\SessionInterface\" and \"SessionInterface\" aliases are deprecated, use \"$requestStack->getSession()\" instead. It is being referenced by the \"App\\Controller\\BoutiqueController\" service. at /home/clients/2974dbb8060e124a6b0054b130220d01/web/PixelForceBeta_dev/vendor/symfony/dependency-injection/Compiler/ResolveReferencesToAliasesPass.php:68)"} []
[2022-07-18T14:59:21.748535+02:00] deprecation.INFO: User Deprecated: Since symfony/framework-bundle 5.3: The "Symfony\Component\HttpFoundation\Session\SessionInterface" and "SessionInterface" aliases are deprecated, use "$requestStack->getSession()" instead. It is being referenced by the "App\Controller\CoachAgentContactController" service. {"exception":"[object] (ErrorException(code: 0): User Deprecated: Since symfony/framework-bundle 5.3: The \"Symfony\\Component\\HttpFoundation\\Session\\SessionInterface\" and \"SessionInterface\" aliases are deprecated, use \"$requestStack->getSession()\" instead. It is being referenced by the \"App\\Controller\\CoachAgentContactController\" service. at /home/clients/2974dbb8060e124a6b0054b130220d01/web/PixelForceBeta_dev/vendor/symfony/dependency-injection/Compiler/ResolveReferencesToAliasesPass.php:68)"} []
[2022-07-18T14:59:21.748619+02:00] deprecation.INFO: User Deprecated: Since symfony/framework-bundle 5.3: The "Symfony\Component\HttpFoundation\Session\SessionInterface" and "SessionInterface" aliases are deprecated, use "$requestStack->getSession()" instead. It is being referenced by the "App\Controller\DemandeDevis\DemandeDevisControllerAgent" service. {"exception":"[object] (ErrorException(code: 0): User Deprecated: Since symfony/framework-bundle 5.3: The \"Symfony\\Component\\HttpFoundation\\Session\\SessionInterface\" and \"SessionInterface\" aliases are deprecated, use \"$requestStack->getSession()\" instead. It is being referenced by the \"App\\Controller\\DemandeDevis\\DemandeDevisControllerAgent\" service. at /home/clients/2974dbb8060e124a6b0054b130220d01/web/PixelForceBeta_dev/vendor/symfony/dependency-injection/Compiler/ResolveReferencesToAliasesPass.php:68)"} []
[2022-07-18T14:59:21.748683+02:00] deprecation.INFO: User Deprecated: Since symfony/framework-bundle 5.3: The "Symfony\Component\HttpFoundation\Session\SessionInterface" and "SessionInterface" aliases are deprecated, use "$requestStack->getSession()" instead. It is being referenced by the "App\Controller\DemandeDevis\DemandeDevisControllerClient" service. {"exception":"[object] (ErrorException(code: 0): User Deprecated: Since symfony/framework-bundle 5.3: The \"Symfony\\Component\\HttpFoundation\\Session\\SessionInterface\" and \"SessionInterface\" aliases are deprecated, use \"$requestStack->getSession()\" instead. It is being referenced by the \"App\\Controller\\DemandeDevis\\DemandeDevisControllerClient\" service. at /home/clients/2974dbb8060e124a6b0054b130220d01/web/PixelForceBeta_dev/vendor/symfony/dependency-injection/Compiler/ResolveReferencesToAliasesPass.php:68)"} []
[2022-07-18T14:59:21.748763+02:00] deprecation.INFO: User Deprecated: Since symfony/framework-bundle 5.3: The "Symfony\Component\HttpFoundation\Session\SessionInterface" and "SessionInterface" aliases are deprecated, use "$requestStack->getSession()" instead. It is being referenced by the "App\Controller\Order\OrderControllerAdmin" service. {"exception":"[object] (ErrorException(code: 0): User Deprecated: Since symfony/framework-bundle 5.3: The \"Symfony\\Component\\HttpFoundation\\Session\\SessionInterface\" and \"SessionInterface\" aliases are deprecated, use \"$requestStack->getSession()\" instead. It is being referenced by the \"App\\Controller\\Order\\OrderControllerAdmin\" service. at /home/clients/2974dbb8060e124a6b0054b130220d01/web/PixelForceBeta_dev/vendor/symfony/dependency-injection/Compiler/ResolveReferencesToAliasesPass.php:68)"} []
[2022-07-18T14:59:21.748824+02:00] deprecation.INFO: User Deprecated: Since symfony/framework-bundle 5.3: The "Symfony\Component\HttpFoundation\Session\SessionInterface" and "SessionInterface" aliases are deprecated, use "$requestStack->getSession()" instead. It is being referenced by the "App\Controller\Order\OrderControllerClient" service. {"exception":"[object] (ErrorException(code: 0): User Deprecated: Since symfony/framework-bundle 5.3: The \"Symfony\\Component\\HttpFoundation\\Session\\SessionInterface\" and \"SessionInterface\" aliases are deprecated, use \"$requestStack->getSession()\" instead. It is being referenced by the \"App\\Controller\\Order\\OrderControllerClient\" service. at /home/clients/2974dbb8060e124a6b0054b130220d01/web/PixelForceBeta_dev/vendor/symfony/dependency-injection/Compiler/ResolveReferencesToAliasesPass.php:68)"} []
[2022-07-18T14:59:21.748997+02:00] deprecation.INFO: User Deprecated: Since symfony/security-bundle 5.3: The "Symfony\Component\Security\Core\Encoder\UserPasswordEncoderInterface" service is deprecated, use "Symfony\Component\PasswordHasher\Hasher\UserPasswordHasherInterface" instead. It is being referenced by the "App\Manager\ObjectManager" service. {"exception":"[object] (ErrorException(code: 0): User Deprecated: Since symfony/security-bundle 5.3: The \"Symfony\\Component\\Security\\Core\\Encoder\\UserPasswordEncoderInterface\" service is deprecated, use \"Symfony\\Component\\PasswordHasher\\Hasher\\UserPasswordHasherInterface\" instead. It is being referenced by the \"App\\Manager\\ObjectManager\" service. at /home/clients/2974dbb8060e124a6b0054b130220d01/web/PixelForceBeta_dev/vendor/symfony/dependency-injection/Compiler/ResolveReferencesToAliasesPass.php:68)"} []
[2022-07-18T14:59:21.749171+02:00] deprecation.INFO: User Deprecated: Since symfony/framework-bundle 5.3: The "Symfony\Component\HttpFoundation\Session\SessionInterface" and "SessionInterface" aliases are deprecated, use "$requestStack->getSession()" instead. It is being referenced by the "App\Services\BasketService" service. {"exception":"[object] (ErrorException(code: 0): User Deprecated: Since symfony/framework-bundle 5.3: The \"Symfony\\Component\\HttpFoundation\\Session\\SessionInterface\" and \"SessionInterface\" aliases are deprecated, use \"$requestStack->getSession()\" instead. It is being referenced by the \"App\\Services\\BasketService\" service. at /home/clients/2974dbb8060e124a6b0054b130220d01/web/PixelForceBeta_dev/vendor/symfony/dependency-injection/Compiler/ResolveReferencesToAliasesPass.php:68)"} []
[2022-07-18T14:59:21.749285+02:00] deprecation.INFO: User Deprecated: Since symfony/framework-bundle 5.3: The "Symfony\Component\HttpFoundation\Session\SessionInterface" and "SessionInterface" aliases are deprecated, use "$requestStack->getSession()" instead. It is being referenced by the "App\Services\OrderService" service. {"exception":"[object] (ErrorException(code: 0): User Deprecated: Since symfony/framework-bundle 5.3: The \"Symfony\\Component\\HttpFoundation\\Session\\SessionInterface\" and \"SessionInterface\" aliases are deprecated, use \"$requestStack->getSession()\" instead. It is being referenced by the \"App\\Services\\OrderService\" service. at /home/clients/2974dbb8060e124a6b0054b130220d01/web/PixelForceBeta_dev/vendor/symfony/dependency-injection/Compiler/ResolveReferencesToAliasesPass.php:68)"} []
[30;42m                                                                                                                        [39;49m
[30;42m [OK] Cache for the "prod" environment (debug=false) was successfully cleared.                                          [39;49m
[30;42m                                                                                                                        [39;49m

uid180676@h2web271:~/web/PixelForceBeta_dev$ git pull orign[Kin dv[Kev
remote: Enumerating objects: 31, done.[K
remote: Counting objects:   3% (1/31)[Kremote: Counting objects:   6% (2/31)[Kremote: Counting objects:   9% (3/31)[Kremote: Counting objects:  12% (4/31)[K                                                                 [39;49m

uid180676@h2web271:~/web/PixelForceBeta_dev$ git pull orign[Kin dv[Kev
remote: Enumerating objects: 31, done.[K
remote: Counting objects:   3% (1/31)[Kremote: Counting objects:   6% (2/31)[Kremote: Counting objects:   9% (3/31)[Kremote: Counting objects:  12% (4/31)[Kremote: Counting objects:  16% (5/31)[Kremote: Counting objects:  19% (6/31)[Kremote: Counting objects:  22% (7/31)[Kremote: Counting objects:  25% (8/31)[Kremote: Counting objects:  29% (9/31)[Kremote: Counting objects:  32% (10/31)[Kremote: Counting objects:  35% (11/31)[Kremote: Counting objects:  38% (12/31)[Kremote: Counting objects:  41% (13/31)[Kremote: Counting objects:  45% (14/31)[Kremote: Counting objects:  48% (15/31)[Kremote: Counting objects:  51% (16/31)[Kremote: Counting objects:  54% (17/31)[Kremote: Counting objects:  58% (18/31)[Kremote: Counting objects:  61% (19/31)[Kremote: Counting objects:  64% (20/31)[Kremote: Counting objects:  67% (21/31)[Kremote: Counting objects:  70% (22/31)[Kremote: Counting objects:  74% (23/31)[Kremote: Counting objects:  77% (24/31)[Kremote: Counting objects:  80% (25/31)[Kremote: Counting objects:  83% (26/31)[Kremote: Counting objects:  87% (27/31)[Kremote: Counting objects:  90% (28/31)[Kremote: Counting objects:  93% (29/31)[Kremote: Counting objects:  96% (30/31)[Kremote: Counting objects: 100% (31/31)[Kremote: Counting objects: 100% (31/31), done.[K
remote: Compressing objects:  33% (1/3)[Kremote: Compressing objects:  66% (2/3)[Kremote: Compressing objects: 100% (3/3)[Kremote: Compressing objects: 100% (3/3), done.[K
remote: Total 17 (delta 13), reused 17 (delta 13), pack-reused 0[K
Unpacking objects:   5% (1/17)   Unpacking objects:  11% (2/17)   Unpacking objects:  17% (3/17)   Unpacking objects:  23% (4/17)   Unpacking objects:  29% (5/17)   Unpacking objects:  35% (6/17)   Unpacking objects:  41% (7/17)   Unpacking objects:  47% (8/17)   Unpacking objects:  52% (9/17)   Unpacking objects:  58% (10/17)   Unpacking objects:  64% (11/17)   Unpacking objects:  70% (12/17)   Unpacking objects:  76% (13/17)   Unpacking objects:  82% (14/17)   Unpacking objects:  88% (15/17)   Unpacking objects:  94% (16/17)   Unpacking objects: 100% (17/17)   Unpacking objects: 100% (17/17), done.
From https://github.com/Nomena-Raminoheritiana/PixelForce
 * branch            dev        -> FETCH_HEAD
   72d9200..2473233  dev        -> origin/dev
Updating 72d9200..2473233
error: Your local changes to the following files would be overwritten by merge:
	src/Form/DocumentFormType.php
Please, commit your changes or stash them before you can merge.
Aborting
uid180676@h2web271:~/web/PixelForceBeta_dev$ git status
On branch dev
Your branch is behind 'origin/dev' by 1 commit, and can be fast-forwarded.
  (use "git pull" to update your local branch)
Changes not staged for commit:
  (use "git add <file>..." to update what will be committed)
  (use "git checkout -- <file>..." to discard changes in working directory)

	[31mmodified:   .env[m
	[31mmodified:   src/Form/DocumentFormType.php[m
	[31mmodified:   templates/base.html.twig[m
	[31mmodified:   templates/base_admin.html.twig[m
	[31mmodified:   templates/partials/menu-left-agent.html.twig[m
	[31mmodified:   templates/partials/menu-left-coach.html.twig[m

Untracked files:
  (use "git add <file>..." to include in what will be committed)

	[31mckeditor:install[m
	[31mpublic/files/docs/Contrat-Home.pdf[m
	[31mpublic/files/docs/signatures/signature-8.png[m
	[31mpublic/files/docs/signed/doc-8.pdf[m

no changes added to commit (use "git add" and/or "git commit -a")
uid180676@h2web271:~/web/PixelForceBeta_dev$ git pull[K[K[K[Kadd --all
uid180676@h2web271:~/web/PixelForceBeta_dev$ 
uid180676@h2web271:~/web/PixelForceBeta_dev$ git commit -m ""C"o"m"m"i"t" "e"n" "p"r"o"d"
[dev 4f7574d] Commit en prod
 Committer: uid180676 <uid180676@h2web27ed for this commit with:

    git commit --amend --reset-author

 10 files changed, 58 insertions(+), 28 deletions(-)
 create mode 100644 ckeditor:install
 create mode 100644 public/files/docs/Contrat-Home.pdf
 create mode 100644 public/files/docs/signatures/signature-8.png
 create mode 100644 public/files/docs/signed/doc-8.pdf
uid180676@h2web271:~/web/PixelForceBeta_dev$ git pull origin -[Kdev
From https://github.com/Nomena-Raminoheritiana/PixelForce
 * branch            dev        -> FETCH_HEAD
Auto-merging src/Form/DocumentFormType.php
[?1049h[?1h=[1;14r[?12;25h[?12l[?25h[27m[23m[m[H[2J[?25l[14;1H"~/web/PixelForceBeta_dev/.git/MERGE_MSG" 7L, 311C[1;1HMerge branch 'dev' of https://github.com/Nomena-Raminoheritiana/PixelForce into dev

# Please enter a commit message to explain why this merge is necessary,
# especially if it merges an updated upstream into a topic branch.
#
# Lines starting with '#' will be ignored, and an empty message aborts
# the commit.
[94m~                                                                                                                                          [9;1H~                                                                                                                                          [10;1H~                                                                                                                                          [11;1H~                                                                                                                                          [12;1H~                                                                                                                                          [13;1H~                                                                                                                                          [1;1H[?12l[?25h[?25l[m[14;1H[1m-- INSERT --[m[14;13H[K[1;1H[K[1;1H[?12l[?25h[?25lP[?12l[?25h[?25lu[?12l[?25h[?25ll[?12l[?25h[?25ll[?12l[?25h[?25l [?12l[?25h[?25lG[?12l[?25h[?25li[?12l[?25h[?25lt[?12l[?25h[?25lh[?12l[?25h[?25lu[?12l[?25h[?25lb[?12l[?25h[?25l [?12l[?25h[?25ld[?12l[?25h[?25le[?12l[?25h[?25lv[?12l[?25h[?25lp[?12l[?25h[?25l[1;16H[K[1;16H[?12l[?25h[?25l[1;15H[K[1;15H[?12l[?25h[?25lp[?12l[?25h[?25lu[?12l[?25h[?25lo[?12l[?25h[?25li[?12l[?25h[?25l[1;18H[K[1;18H[?12l[?25h[?25l[1;17H[K[1;17H[?12l[?25h[?25l[1;16H[K[1;16H[?12l[?25h[?25lu[?12l[?25h[?25li[?12l[?25h[?25ls[?12l[?25h[?25l [?12l[?25h[?25lp[?12l[?25h[?25li[?12l[?25h[?25lx[?12l[?25h[?25le[?12l[?25h[?25ll[?12l[?25h[?25lf[?12l[?25h[?25lo[?12l[?25h[?25lr[?12l[?25h[?25lc[?12l[?25h[?25le[?12l[?25h[?25lb[?12l[?25h[?25le[?12l[?25h[?25lt[?12l[?25h[?25la[?12l[?25h[?25l-[?12l[?25h[?25ld[?12l[?25h[?25la[?12l[?25h[?25l[1;36H[K[1;36H[?12l[?25h[?25le[?12l[?25h[?25lv[?12l[?25h[14;1H[K[1;37H[?25l[?12l[?25h[?25l[14;1H:[?12l[?25hw[?25l".git/MERGE_MSG" 7L, 265C written[1;37H[?12l[?25h[?25l[14;1H[K[14;1H:[?12l[?25hq[?25l[14;1H[K[14;1H[?1l>[?12l[?25h[?1049lMerge made by the 'recursive' strategy.
 src/Entity/DocumentRecipient.php                            | 17 [32m+++++++++++++++++[m
 src/Form/DocumentFormType.php                               |  2 [32m+[m[31m-[m
 src/Form/DocumentRecipientFormType.php                      | 10 [32m+++++++++[m[31m-[m
 src/Services/DocumentService.php                            | 20 [32m+++++++++++++++[m[31m-----[m
 templates/emails/document.html.twig                         | 32 [32m++++++++++++++++++++++++++++++++[m
 templates/user_category/do/document/document_send.html.twig |  6 [32m+++++[m[31m-[m
 6 files changed, 79 insertions(+), 8 deletions(-)
 create mode 100644 templates/emails/document.html.twig
uid180676@h2web271:~/web/PixelForceBeta_dev$ git log --oneline[Kuid180676@h2web271:~/web/PixelForceBeta_dev$ git log --oneline
[?1h=[33m900e863[m Pull Gitemplates/user_category/do/document/document_send.html.twig |  6 [32m+++++[m[31m-[m
 6 files changed, 79 insertions(+), 8 deletions(-)
 create mode 100644 templates/emails/document.html.twig
uid180676@h2web271:~/web/PixelForceBeta_dev$ git log --oneline[Kuid180676@h2web271:~/web/PixelForceBeta_dev$ git log --oneline
[?1h=[33m900e863[m Pull Github depuis pixelforcebeta-dev[m
[33m4f7574d[m Commit en prod[m
[33m2473233[m email[m
[33m72d9200[m Update DocumentService.php[m
[33m5b22a52[m Update DocumentService.php[m
[33me1fd66c[m Merge branch 'dev' of https://github.com/Nomena-Raminoheritiana/PixelForce into dev[m
[33mcba246c[m Pixelforce logo[m
[33m1fdadf5[m Update DocumentService.php[m
[33m4394d69[m Mail body + Image[m
[33m31926d6[m Header doc[m
[33m1aa3c54[m Trie colone liste RDV[m
[33m8fdd093[m Merge branch 'dev' of https://github.com/Nomena-Raminoheritiana/PixelForce into dev[m
[33m2af9817[m Agent : Activation autom de secteur aprÃ¨s inscription / Paiement compte (Trial)[m
[33m60b7b74[m document signature[m
[33mfa09b3e[m revert commit enlever type="text/javascript" dans route dc_document_sign[m
[33mdab4cb3[m ajout type="text/javascript" dans route dc_document_sign[m
[33m3eb4d43[m desactiver chat js dans document[m
[33m0cdb1a2[m desactivation temporaire du mercure + messenger pour besoin en prod[m
[33m2c3bfc4[m test lancement messenger via controller + script cron pour suppression des workers[m
[33m0764629[m Update composer.json[m
[33m6c25dd5[m Update composer.json[m
[33m1ebdf71[m docs[m
[33m18afcf7[m doc 6[m
[33m4b57a5d[m doc 5[m
[33m6163919[m doc 4[m
[33m2eea26b[m doc 3[m
[33ma649c48[m doc 2[m
[33m23bc064[m doc 1[m
[33md73e839[m Update meeting-fiche.html.twig[m
:[K[K[?1l>uid180676@h2web271:~/web/PixelForceBeta_dev$ git log --onelinepull origin devcommit -m "Commit en prod"[17Padd --all[3Pstatuspull origin devphp bin/console c:c

[39;49m // [39;49mClearing the cache for the [32mprod[39m environment with debug [32mfalse[39m                                                        

[2022-07-18T15:13:31.673559+02:00] deprecation.INFO: User Deprecated: Since symfony/framework-bundle 5.4: Not setting the "framework.messenger.reset_on_message" configuration option is deprecated, it will default to "true" in version 6.0. {"exception":"[object] (ErrorException(code: 0): User Deprecated: Since symfony/framework-bundle 5.4: Not setting the \"framework.messenger.reset_on_message\" configuration option is deprecated, it will default to \"true\" in version 6.0. at /home/clients/2974dbb8060e124a6b0054b130220d01/web/PixelForceBeta_dev/vendor/symfony/framework-bundle/DependencyInjection/FrameworkExtension.php:2175)"} []
[2022-07-18T15:13:31.959981+02:00] deprecation.INFO: User Deprecated: Since symfony/framework-bundle 5.3: The "Symfony\Component\HttpFoundation\Session\SessionInterface" and "SessionInterface" aliases are deprecated, use "$requestStack->getSession()" instead. It is being referenced by the "App\Controller\AgentAccountController" service. {"exception":"[object] (ErrorException(code: 0): User Deprecated: Since symfony/framework-bundle 5.3: The \"Symfony\\Component\\HttpFoundation\\Session\\SessionInterface\" and \"SessionInterface\" aliases are deprecated, use \"$requestStack->getSession()\" instead. It is being referenced by the \"App\\Controller\\AgentAccountController\" service. at /home/clients/2974dbb8060e124a6b0054b130220d01/web/PixelForceBeta_dev/vendor/symfony/dependency-injection/Compiler/ResolveReferencesToAliasesPass.php:68)"} []
[2022-07-18T15:13:31.960114+02:00] deprecation.INFO: User Deprecated: Since symfony/framework-bundle 5.3: The "Symfony\Component\HttpFoundation\Session\SessionInterface" and "SessionInterface" aliases are deprecated, use "$requestStack->getSession()" instead. It is being referenced by the "App\Controller\AgentCoachController" service. {"exception":"[object] (ErrorException(code: 0): User Deprecated: Since symfony/framework-bundle 5.3: The \"Symfony\\Component\\HttpFoundation\\Session\\SessionInterface\" and \"SessionInterface\" aliases are deprecated, use \"$requestStack->getSession()\" instead. It is being referenced by the \"App\\Controller\\AgentCoachController\" service. at /home/clients/2974dbb8060e124a6b0054b130220d01/web/PixelForceBeta_dev/vendor/symfony/dependency-injection/Compiler/ResolveReferencesToAliasesPass.php:68)"} []
[2022-07-18T15:13:31.960182+02:00] deprecation.INFO: User Deprecated: Since symfony/framework-bundle 5.3: The "Symfony\Component\HttpFoundation\Session\SessionInterface" and "SessionInterface" aliases are deprecated, use "$requestStack->getSession()" instead. It is being referenced by the "App\Controller\AgentContactController" service. {"exception":"[object] (ErrorException(code: 0): User Deprecated: Since symfony/framework-bundle 5.3: The \"Symfony\\Component\\HttpFoundation\\Session\\SessionInterface\" and \"SessionInterface\" aliases are deprecated, use \"$requestStack->getSession()\" instead. It is being referenced by the \"App\\Controller\\AgentContactController\" service. at /home/clients/2974dbb8060e124a6b0054b130220d01/web/PixelForceBeta_dev/vendor/symfony/dependency-injection/Compiler/ResolveReferencesToAliasesPass.php:68)"} []
[2022-07-18T15:13:31.960249+02:00] deprecation.INFO: User Deprecated: Since symfony/framework-bundle 5.3: The "Symfony\Component\HttpFoundation\Session\SessionInterface" and "SessionInterface" aliases are deprecated, use "$requestStack->getSession()" instead. It is being referenced by the "App\Controller\AgentContactMeetingController" service. {"exception":"[object] (ErrorException(code: 0): User Deprecated: Since symfony/framework-bundle 5.3: The \"Symfony\\Component\\HttpFoundation\\Session\\SessionInterface\" and \"SessionInterface\" aliases are deprecated, use \"$requestStack->getSession()\" instead. It is being referenced by the \"App\\Controller\\AgentContactMeetingController\" service. at /home/clients/2974dbb8060e124a6b0054b130220d01/web/PixelForceBeta_dev/vendor/symfony/dependency-injection/Compiler/ResolveReferencesToAliasesPass.php:68)"} []
[2022-07-18T15:13:31.960310+02:00] deprecation.INFO: User Deprecated: Since symfony/framework-bundle 5.3: The "Symfony\Component\HttpFoundation\Session\SessionInterface" and "SessionInterface" aliases are deprecated, use "$requestStack->getSession()" instead. It is being referenced by the "App\Controller\AgentFormationController" service. {"exception":"[object] (ErrorException(code: 0): User Deprecated: Since symfony/framework-bundle 5.3: The \"Symfony\\Component\\HttpFoundation\\Session\\SessionInterface\" and \"SessionInterface\" aliases are deprecated, use \"$requestStack->getSession()\" instead. It is being referenced by the \"App\\Controller\\AgentFormationController\" service. at /home/clients/2974dbb8060e124a6b0054b130220d01/web/PixelForceBeta_dev/vendor/symfony/dependency-injection/Compiler/ResolveReferencesToAliasesPass.php:68)"} []
[2022-07-18T15:13:31.960366+02:00] deprecation.INFO: User Deprecated: Since symfony/framework-bundle 5.3: The "Symfony\Component\HttpFoundation\Session\SessionInterface" and "SessionInterface" aliases are deprecated, use "$requestStack->getSession()" instead. It is being referenced by the "App\Controller\AgentInscriptionController" service. {"exception":"[object] (ErrorException(code: 0): User Deprecated: Since symfony/framework-bundle 5.3: The \"Symfony\\Component\\HttpFoundation\\Session\\SessionInterface\" and \"SessionInterface\" aliases are deprecated, use \"$requestStack->getSession()\" instead. It is being referenced by the \"App\\Controller\\AgentInscriptionController\" service. at /home/clients/2974dbb8060e124a6b0054b130220d01/web/PixelForceBeta_dev/vendor/symfony/dependency-injection/Compiler/ResolveReferencesToAliasesPass.php:68)"} []
[2022-07-18T15:13:31.960420+02:00] deprecation.INFO: User Deprecated: Since symfony/framework-bundle 5.3: The "Symfony\Component\HttpFoundation\Session\SessionInterface" and "Sesses are deprecated, use \"$requestStack->getSession()\" instead. It is being referenced by the \"App\\Controller\\AgentZoomController\" service. at /home/clients/2974dbb8060e124a6b0054b130220d01/web/PixelForceBeta_dev/vendor/symfony/dependency-injection/Compiler/ResolveReferencesToAliasesPass.php:68)"} []
[2022-07-18T15:13:31.960484+02:00] deprecation.INFO: User Deprecated: Since symfony/framework-bundle 5.3: The "Symfony\Component\HttpFoundation\Session\SessionInterface" and "SessionInterface" aliases are deprecated, use "$requestStack->getSession()" instead. It is being referenced by the "App\Controller\Basket\BasketController" service. {"exception":"[object] (ErrorException(code: 0): User Deprecated: Since symfony/framework-bundle 5.3: The \"Symfony\\Component\\HttpFoundation\\Session\\SessionInterface\" and \"SessionInterface\" aliases are deprecated, use \"$requestStack->getSession()\" instead. It is being referenced by the \"App\\Controller\\Basket\\BasketController\" service. at /home/clients/2974dbb8060e124a6b0054b130220d01/web/PixelForceBeta_dev/vendor/symfony/dependency-injection/Compiler/ResolveReferencesToAliasesPass.php:68)"} []
[2022-07-18T15:13:31.960536+02:00] deprecation.INFO: User Deprecated: Since symfony/framework-bundle 5.3: The "Symfony\Component\HttpFoundation\Session\SessionInterface" and "SessionInterface" aliases are deprecated, use "$requestStack->getSession()" instead. It is being referenced by the "App\Controller\BoutiqueController" service. {"exception":"[object] (ErrorException(code: 0): User Deprecated: Since symfony/framework-bundle 5.3: The \"Symfony\\Component\\HttpFoundation\\Session\\SessionInterface\" and \"SessionInterface\" aliases are deprecated, use \"$requestStack->getSession()\" instead. It is being referenced by the \"App\\Controller\\BoutiqueController\" service. at /home/clients/2974dbb8060e124a6b0054b130220d01/web/PixelForceBeta_dev/vendor/symfony/dependency-injection/Compiler/ResolveReferencesToAliasesPass.php:68)"} []
[2022-07-18T15:13:31.960615+02:00] deprecation.INFO: User Deprecated: Since symfony/framework-bundle 5.3: The "Symfony\Component\HttpFoundation\Session\SessionInterface" and "SessionInterface" aliases are deprecated, use "$requestStack->getSession()" instead. It is being referenced by the "App\Controller\CoachAgentContactController" service. {"exception":"[object] (ErrorException(code: 0): User Deprecated: Since symfony/framework-bundle 5.3: The \"Symfony\\Component\\HttpFoundation\\Session\\SessionInterface\" and \"SessionInterface\" aliases are deprecated, use \"$requestStack->getSession()\" instead. It is being referenced by the \"App\\Controller\\CoachAgentContactController\" service. at /home/clients/2974dbb8060e124a6b0054b130220d01/web/PixelForceBeta_dev/vendor/symfony/dependency-injection/Compiler/ResolveReferencesToAliasesPass.php:68)"} []
[2022-07-18T15:13:31.960696+02:00] deprecation.INFO: User Deprecated: Since symfony/framework-bundle 5.3: The "Symfony\Component\HttpFoundation\Session\SessionInterface" and "SessionInterface" aliases are deprecated, use "$requestStack->getSession()" instead. It is being referenced by the "App\Controller\DemandeDevis\DemandeDevisControllerAgent" service. {"exception":"[object] (ErrorException(code: 0): User Deprecated: Since symfony/framework-bundle 5.3: The \"Symfony\\Component\\HttpFoundation\\Session\\SessionInterface\" and \"SessionInterface\" aliases are deprecated, use \"$requestStack->getSession()\" instead. It is being referenced by the \"App\\Controller\\DemandeDevis\\DemandeDevisControllerAgent\" service. at /home/clients/2974dbb8060e124a6b0054b130220d01/web/PixelForceBeta_dev/vendor/symfony/dependency-injection/Compiler/ResolveReferencesToAliasesPass.php:68)"} []
[2022-07-18T15:13:31.960754+02:00] deprecation.INFO: User Deprecated: Since symfony/framework-bundle 5.3: The "Symfony\Component\HttpFoundation\Session\SessionInterface" and "SessionInterface" aliases are deprecated, use "$requestStack->getSession()" instead. It is being referenced by the "App\Controller\DemandeDevis\DemandeDevisControllerClient" service. {"exception":"[object] (ErrorException(code: 0): User Deprecated: Since symfony/framework-bundle 5.3: The \"Symfony\\Component\\HttpFoundation\\Session\\SessionInterface\" and \"SessionInterface\" aliases are deprecated, use \"$requestStack->getSession()\" instead. It is being referenced by the \"App\\Controller\\DemandeDevis\\DemandeDevisControllerClient\" service. at /home/clients/2974dbb8060e124a6b0054b130220d01/web/PixelForceBeta_dev/vendor/symfony/dependency-injection/Compiler/ResolveReferencesToAliasesPass.php:68)"} []
[2022-07-18T15:13:31.960830+02:00] deprecation.INFO: User Deprecated: Since symfony/framework-bundle 5.3: The "Symfony\Component\HttpFoundation\Session\SessionInterface" and "SessionInterface" aliases are deprecated, use "$requestStack->getSession()" instead. It is being referenced by the "App\Controller\Order\OrderControllerAdmin" service. {"exception":"[object] (ErrorException(code: 0): User Deprecated: Since symfony/framework-bundle 5.3: The \"Symfony\\Component\\HttpFoundation\\Session\\SessionInterface\" and \"SessionInterface\" aliases are deprecated, use \"$requestStack->getSession()\" instead. It is being referenced by the \"App\\Controller\\Order\\OrderControllerAdmin\" service. at /home/clients/2974dbb8060e124a6b0054b130220d01/web/PixelForceBeta_dev/vendor/symfony/dependency-injection/Compiler/ResolveReferencesToAliasesPass.php:68)"} []
[2022-07-18T15:13:31.960896+02:00] deprecation.INFO: User Deprecated: Since symfony/framework-bundle 5.3: The "Symfony\Component\HttpFoundation\Session\SessionInterface" and "SessionInterface" aliases are deprecated, use "$requestStack->getSession()" instead. It is being referenced by the "App\Controller\Order\OrderControllerClient" service. {"exception":"[object] (ErrorException(code: 0): User Deprecated: Since symfony/framework-bundle 5.3: The \"Symfony\\Component\\HttpFoundation\\Session\\SessionInterface\" and \"SessionInterface\" aliases are deprecated, use \"$requestStack->getSession()\" instead. It is being referenced by the \"App\\Controller\\Order\\OrderControllerClient\" service. at /home/clients/2974dbb8060e124a6b0054b130220d01/web/PixelForceBeta_dev/vendor/symfony/dependency-injection/Compiler/ResolveReferencesToAliasesPass.php:68)"} []
[2022-07-18T15:13:31.961070+02:00] deprecation.INFO: User Deprecated: Since symfony/security-bundle 5.3: The "Symfony\Component\Security\Core\Encoder\UserPasswordEncoderInterface" service is deprecated, use "Symfony\Component\PasswordHasher\Hasher\UserPasswordHasherInterface" instead. It is being referenced by the "App\Manager\ObjectManager" service. {"exception":"[object] (ErrorException(code: 0): User Deprecated: Since symfony/security-bundle 5.3: The \"Symfony\\Component\\Security\\Core\\Encoder\\UserPasswordEncoderInterface\" service is deprecated, use \"Symfony\\Component\\PasswordHasher\\Hasher\\UserPasswordHasherInterface\" instead. It is being referenced by the \"App\\Manager\\ObjectManager\" service. at /home/clients/2974dbb8060e124a6b0054b130220d01/web/PixelForceBeta_dev/vendor/symfony/dependency-injection/Compiler/ResolveReferencesToAliasesPass.php:68)"} []
[2022-07-18T15:13:31.961243+02:00] deprecation.INFO: User Deprecated: Since symfony/framework-bundle 5.3: The "Symfony\Component\HttpFoundation\Session\SessionInterface" and "SessionInterface" aliases are deprecated, use "$requestStack->getSession()" instead. It is being referenced by the "App\Services\BasketService" service. {"exception":"[object] (ErrorException(code: 0): User Deprecated: Since symfony/framework-bundle 5.3: The \"Symfony\\Component\\HttpFoundation\\Session\\SessionInterface\" and \"SessionInterface\" aliases are deprecated, use \"$requestStack->getSession()\" instead. It is being referenced by the \"App\\Services\\BasketService\" service. at /home/clients/2974dbb8060e124a6b0054b130220d01/web/PixelForceBeta_dev/vendor/symfony/dependency-injection/Compiler/ResolveReferencesToAliasesPass.php:68)"} []
[2022-07-18T15:13:31.961352+02:00] deprecation.INFO: User Deprecated: Since symfony/framework-bundle 5.3: The "Symfonstead. It is being referenced by the \"App\\Services\\BasketService\" service. at /home/clients/2974dbb8060e124a6b0054b130220d01/web/PixelForceBeta_dev/vendor/symfony/dependency-injection/Compiler/ResolveReferencesToAliasesPass.php:68)"} []
[2022-07-18T15:13:31.961352+02:00] deprecation.INFO: User Deprecated: Since symfony/framework-bundle 5.3: The "Symfony\Component\HttpFoundation\Session\SessionInterface" and "SessionInterface" aliases are deprecated, use "$requestStack->getSession()" instead. It is being referenced by the "App\Services\OrderService" service. {"exception":"[object] (ErrorException(code: 0): User Deprecated: Since symfony/framework-bundle 5.3: The \"Symfony\\Component\\HttpFoundation\\Session\\SessionInterface\" and \"SessionInterface\" aliases are deprecated, use \"$requestStack->getSession()\" instead. It is being referenced by the \"App\\Services\\OrderService\" service. at /home/clients/2974dbb8060e124a6b0054b130220d01/web/PixelForceBeta_dev/vendor/symfony/dependency-injection/Compiler/ResolveReferencesToAliasesPass.php:68)"} []
[30;42m                                                                                                                        [39;49m
[30;42m [OK] Cache for the "prod" environment (debug=false) was successfully cleared.                                          [39;49m
[30;42m                                                                                                                        [39;49m

uid180676@h2web271:~/web/PixelForceBeta_dev$ php bn/[K[Kin/console d:d[Ks:uu [K[K -f

 Updating database schema...

     [32m4[39m queries were executed

[30;42m                                                                                                                        [39;49m
[30;42m [OK] Database schema updated successfully!                                                                             [39;49m
[30;42m                                                                                                                        [39;49m

uid180676@h2web271:~/web/PixelForceBeta_dev$ php bin/console d:s:u -f[5Pc:c

[39;49m // [39;49mClearing the cache for the [32mprod[39m environment with debug [32mfalse[39m                                                        

[2022-07-18T15:16:57.109742+02:00] deprecation.INFO: User Deprecated: Since symfony/framework-bundle 5.4: Not setting the "framework.messenger.reset_on_message" configuration option is deprecated, it will default to "true" in version 6.0. {"exception":"[object] (ErrorException(code: 0): User Deprecated: Since symfony/framework-bundle 5.4: Not setting the \"framework.messenger.reset_on_message\" configuration option is deprecated, it will default to \"true\" in version 6.0. at /home/clients/2974dbb8060e124a6b0054b130220d01/web/PixelForceBeta_dev/vendor/symfony/framework-bundle/DependencyInjection/FrameworkExtension.php:2175)"} []
[2022-07-18T15:16:57.354418+02:00] deprecation.INFO: User Deprecated: Since symfony/framework-bundle 5.3: The "Symfony\Component\HttpFoundation\Session\SessionInterface" and "SessionInterface" aliases are deprecated, use "$requestStack->getSession()" instead. It is being referenced by the "App\Controller\AgentAccountController" service. {"exception":"[object] (ErrorException(code: 0): User Deprecated: Since symfony/framework-bundle 5.3: The \"Symfony\\Component\\HttpFoundation\\Session\\SessionInterface\" and \"SessionInterface\" aliases are deprecated, use \"$requestStack->getSession()\" instead. It is being referenced by the \"App\\Controller\\AgentAccountController\" service. at /home/clients/2974dbb8060e124a6b0054b130220d01/web/PixelForceBeta_dev/vendor/symfony/dependency-injection/Compiler/ResolveReferencesToAliasesPass.php:68)"} []
[2022-07-18T15:16:57.354534+02:00] deprecation.INFO: User Deprecated: Since symfony/framework-bundle 5.3: The "Symfony\Component\HttpFoundation\Session\SessionInterface" and "SessionInterface" aliases are deprecated, use "$requestStack->getSession()" instead. It is being referenced by the "App\Controller\AgentCoachController" service. {"exception":"[object] (ErrorException(code: 0): User Deprecated: Since symfony/framework-bundle 5.3: The \"Symfony\\Component\\HttpFoundation\\Session\\SessionInterface\" and \"SessionInterface\" aliases are deprecated, use \"$requestStack->getSession()\" instead. It is being referenced by the \"App\\Controller\\AgentCoachController\" service. at /home/clients/2974dbb8060e124a6b0054b130220d01/web/PixelForceBeta_dev/vendor/symfony/dependency-injection/Compiler/ResolveReferencesToAliasesPass.php:68)"} []
[2022-07-18T15:16:57.354595+02:00] deprecation.INFO: User Deprecated: Since symfony/framework-bundle 5.3: The "Symfony\Component\HttpFoundation\Session\SessionInterface" and "SessionInterface" aliases are deprecated, use "$requestStack->getSession()" instead. It is being referenced by the "App\Controller\AgentContactController" service. {"exception":"[object] (ErrorException(code: 0): User Deprecated: Since symfony/framework-bundle 5.3: The \"Symfony\\Component\\HttpFoundation\\Session\\SessionInterface\" and \"SessionInterface\" aliases are deprecated, use \"$requestStack->getSession()\" instead. It is being referenced by the \"App\\Controller\\AgentContactController\" service. at /home/clients/2974dbb8060e124a6b0054b130220d01/web/PixelForceBeta_dev/vendor/symfony/dependency-injection/Compiler/ResolveReferencesToAliasesPass.php:68)"} []
[2022-07-18T15:16:57.354656+02:00] deprecation.INFO: User Deprecated: Since symfony/framework-bundle 5.3: The "Symfony\Component\HttpFoundation\Session\SessionInterface" and "SessionInterface" aliases are deprecated, use "$requestStack->getSession()" instead. It is being referenced by the "App\Controller\AgentContactMeetingController" service. {"exception":"[object] (ErrorException(code: 0): User Deprecated: Since symfony/framework-bundle 5.3: The \"Symfony\\Component\\HttpFoundation\\Session\\SessionInterface\" and \"SessionInterface\" aliases are deprecated, use \"$requestStack->getSession()\" instead. It is being referenced by the \"App\\Controller\\AgentContactMeetingController\" service. at /home/clients/2974dbb8060e124a6b0054b130220d01/web/PixelForceBeta_dev/vendor/symfony/dependency-injection/Compiler/ResolveReferencesToAliasesPass.php:68)"} []
[2022-07-18T15:16:57.354733+02:00] deprecation.INFO: User Deprecated: Since symfony/framework-bundle 5.3: The "Symfony\Component\HttpFoundation\Session\SessionInterface" and "SessionInterface" aliases are deprecated, use "$requestStack->getSession()" instead. It is being referenced by the "App\Controller\AgentFormationController" service. {"exception":"[object] (ErrorException(code: 0): User Deprecated: Since symfony/framework-bundle 5.3: The \"Symfony\\Component\\HttpFoundation\\Session\\SessionInterface\" and \"SessionInterface\" aliases are deprecated, use \"$requestStack->getSession()\" instead. It is being referenced by the \"App\\Controller\\AgentFormationController\" service. at /home/clients/2974dbb8060e124a6b0054b130220d01/web/PixelForceBeta_dev/vendor/symfony/dependency-injection/Compiler/ResolveReferencesToAliasesPass.php:68)"} []
[2022-07-18T15:16:57.354789+02:00] deprecation.INFO: User Deprecated: Since symfony/framework-bundle 5.3: The "Symfony\Component\HttpFoundation\Session\SessionInterface" and "SessionInterface" aliases are deprecated, use "$requestStack->getSession()" instead. It is being referenced by the "App\Controller\AgentInscriptionController" service. {"exception":"[object] (ErrorException(code: 0): User Deprecated: Since symfony/framework-bundle 5.3: The \"Symfony\\Component\\HttpFoundation\\Session\\SessionInterface\" and \"SessionInterface\" aliases are deprecated, use \"$requestStack->getSession()\" instead. It is being referenced by the \"App\\Controller\\AgentInscriptionController\" service. at /home/clients/2974dbb8060e124a6b0054b130220d01/web/PixelForceBeta_dev/vendor/symfony/dependency-injection/Compiler/ResolveReferencesToAliasesPass.php:68)"} []
[2022-07-18T15:16:57.354842+02:00] deprecation.INFO: User Deprecated: Since symfony/framework-bundle 5.3\HttpFoundation\\Session\\SessionInterface\" and \"SessionInterface\" aliases are deprecated, use \"$requestStack->getSession()\" instead. It is being referenced by the \"App\\Controller\\AgentZoomController\" service. at /home/clients/2974dbb8060e124a6b0054b130220d01/web/PixelForceBeta_dev/vendor/symfony/dependency-injection/Compiler/ResolveReferencesToAliasesPass.php:68)"} []
[2022-07-18T15:16:57.354904+02:00] deprecation.INFO: User Deprecated: Since symfony/framework-bundle 5.3: The "Symfony\Component\HttpFoundation\Session\SessionInterface" and "SessionInterface" aliases are deprecated, use "$requestStack->getSession()" instead. It is being referenced by the "App\Controller\Basket\BasketController" service. {"exception":"[object] (ErrorException(code: 0): User Deprecated: Since symfony/framework-bundle 5.3: The \"Symfony\\Component\\HttpFoundation\\Session\\SessionInterface\" and \"SessionInterface\" aliases are deprecated, use \"$requestStack->getSession()\" instead. It is being referenced by the \"App\\Controller\\Basket\\BasketController\" service. at /home/clients/2974dbb8060e124a6b0054b130220d01/web/PixelForceBeta_dev/vendor/symfony/dependency-injection/Compiler/ResolveReferencesToAliasesPass.php:68)"} []
[2022-07-18T15:16:57.354956+02:00] deprecation.INFO: User Deprecated: Since symfony/framework-bundle 5.3: The "Symfony\Component\HttpFoundation\Session\SessionInterface" and "SessionInterface" aliases are deprecated, use "$requestStack->getSession()" instead. It is being referenced by the "App\Controller\BoutiqueController" service. {"exception":"[object] (ErrorException(code: 0): User Deprecated: Since symfony/framework-bundle 5.3: The \"Symfony\\Component\\HttpFoundation\\Session\\SessionInterface\" and \"SessionInterface\" aliases are deprecated, use \"$requestStack->getSession()\" instead. It is being referenced by the \"App\\Controller\\BoutiqueController\" service. at /home/clients/2974dbb8060e124a6b0054b130220d01/web/PixelForceBeta_dev/vendor/symfony/dependency-injection/Compiler/ResolveReferencesToAliasesPass.php:68)"} []
[2022-07-18T15:16:57.355032+02:00] deprecation.INFO: User Deprecated: Since symfony/framework-bundle 5.3: The "Symfony\Component\HttpFoundation\Session\SessionInterface" and "SessionInterface" aliases are deprecated, use "$requestStack->getSession()" instead. It is being referenced by the "App\Controller\CoachAgentContactController" service. {"exception":"[object] (ErrorException(code: 0): User Deprecated: Since symfony/framework-bundle 5.3: The \"Symfony\\Component\\HttpFoundation\\Session\\SessionInterface\" and \"SessionInterface\" aliases are deprecated, use \"$requestStack->getSession()\" instead. It is being referenced by the \"App\\Controller\\CoachAgentContactController\" service. at /home/clients/2974dbb8060e124a6b0054b130220d01/web/PixelForceBeta_dev/vendor/symfony/dependency-injection/Compiler/ResolveReferencesToAliasesPass.php:68)"} []
[2022-07-18T15:16:57.355109+02:00] deprecation.INFO: User Deprecated: Since symfony/framework-bundle 5.3: The "Symfony\Component\HttpFoundation\Session\SessionInterface" and "SessionInterface" aliases are deprecated, use "$requestStack->getSession()" instead. It is being referenced by the "App\Controller\DemandeDevis\DemandeDevisControllerAgent" service. {"exception":"[object] (ErrorException(code: 0): User Deprecated: Since symfony/framework-bundle 5.3: The \"Symfony\\Component\\HttpFoundation\\Session\\SessionInterface\" and \"SessionInterface\" aliases are deprecated, use \"$requestStack->getSession()\" instead. It is being referenced by the \"App\\Controller\\DemandeDevis\\DemandeDevisControllerAgent\" service. at /home/clients/2974dbb8060e124a6b0054b130220d01/web/PixelForceBeta_dev/vendor/symfony/dependency-injection/Compiler/ResolveReferencesToAliasesPass.php:68)"} []
[2022-07-18T15:16:57.355165+02:00] deprecation.INFO: User Deprecated: Since symfony/framework-bundle 5.3: The "Symfony\Component\HttpFoundation\Session\SessionInterface" and "SessionInterface" aliases are deprecated, use "$requestStack->getSession()" instead. It is being referenced by the "App\Controller\DemandeDevis\DemandeDevisControllerClient" service. {"exception":"[object] (ErrorException(code: 0): User Deprecated: Since symfony/framework-bundle 5.3: The \"Symfony\\Component\\HttpFoundation\\Session\\SessionInterface\" and \"SessionInterface\" aliases are deprecated, use \"$requestStack->getSession()\" instead. It is being referenced by the \"App\\Controller\\DemandeDevis\\DemandeDevisControllerClient\" service. at /home/clients/2974dbb8060e124a6b0054b130220d01/web/PixelForceBeta_dev/vendor/symfony/dependency-injection/Compiler/ResolveReferencesToAliasesPass.php:68)"} []
[2022-07-18T15:16:57.355238+02:00] deprecation.INFO: User Deprecated: Since symfony/framework-bundle 5.3: The "Symfony\Component\HttpFoundation\Session\SessionInterface" and "SessionInterface" aliases are deprecated, use "$requestStack->getSession()" instead. It is being referenced by the "App\Controller\Order\OrderControllerAdmin" service. {"exception":"[object] (ErrorException(code: 0): User Deprecated: Since symfony/framework-bundle 5.3: The \"Symfony\\Component\\HttpFoundation\\Session\\SessionInterface\" and \"SessionInterface\" aliases are deprecated, use \"$requestStack->getSession()\" instead. It is being referenced by the \"App\\Controller\\Order\\OrderControllerAdmin\" service. at /home/clients/2974dbb8060e124a6b0054b130220d01/web/PixelForceBeta_dev/vendor/symfony/dependency-injection/Compiler/ResolveReferencesToAliasesPass.php:68)"} []
[2022-07-18T15:16:57.355293+02:00] deprecation.INFO: User Deprecated: Since symfony/framework-bundle 5.3: The "Symfony\Component\HttpFoundation\Session\SessionInterface" and "SessionInterface" aliases are deprecated, use "$requestStack->getSession()" instead. It is being referenced by the "App\Controller\Order\OrderControllerClient" service. {"exception":"[object] (ErrorException(code: 0): User Deprecated: Since symfony/framework-bundle 5.3: The \"Symfony\\Component\\HttpFoundation\\Session\\SessionInterface\" and \"SessionInterface\" aliases are deprecated, use \"$requestStack->getSession()\" instead. It is being referenced by the \"App\\Controller\\Order\\OrderControllerClient\" service. at /home/clients/2974dbb8060e124a6b0054b130220d01/web/PixelForceBeta_dev/vendor/symfony/dependency-injection/Compiler/ResolveReferencesToAliasesPass.php:68)"} []
[2022-07-18T15:16:57.355447+02:00] deprecation.INFO: User Deprecated: Since symfony/security-bundle 5.3: The "Symfony\Component\Security\Core\Encoder\UserPasswordEncoderInterface" service is deprecated, use "Symfony\Component\PasswordHasher\Hasher\UserPasswordHasherInterface" instead. It is being referenced by the "App\Manager\ObjectManager" service. {"exception":"[object] (ErrorException(code: 0): User Deprecated: Since symfony/security-bundle 5.3: The \"Symfony\\Component\\Security\\Core\\Encoder\\UserPasswordEncoderInterface\" service is deprecated, use \"Symfony\\Component\\PasswordHasher\\Hasher\\UserPasswordHasherInterface\" instead. It is being referenced by the \"App\\Manager\\ObjectManager\" service. at /home/clients/2974dbb8060e124a6b0054b130220d01/web/PixelForceBeta_dev/vendor/symfony/dependency-injection/Compiler/ResolveReferencesToAliasesPass.php:68)"} []
[2022-07-18T15:16:57.355604+02:00] deprecation.INFO: User Deprecated: Since symfony/framework-bundle 5.3: The "Symfony\Component\HttpFoundation\Session\SessionInterface" and "SessionInterface" aliases are deprecated, use "$requestStack->getSession()" instead. It is being referenced by the "App\Services\BasketService" service. {"exception":"[object] (ErrorException(code: 0): User Deprecated: Since symfony/framework-bundle 5.3: The \"Symfony\\Component\\HttpFoundation\\Session\\SessionInterface\" and \"SessionInterface\" aliases are deprecated, use \"$requestStack->getSession()\" instead. It is being referenced by the \"App\\Services\\BasketService\" service. at /home/clients/2974dbb8060e124a6b0054b130220d01/web/PixelForceBeta_dev/vendor/symfony/dependency-injection/Compiler/ResolveReferencesToAliasesPass.php:68)"} []
[2022-07-18T15:16:57.355706+02:00] deprec